
section .data 	 	 	 	
	msg1 dd 65,55 	 	 	 	00000000 0000004100000037
	Temp db "djdkjfd",10,0 	 	 	 	00000008 646A646B6A66640A00
	NumA dd 12,12,929 	 	 	 	00000011 0000000C0000000C000003A1
	NumC dd 12,11 	 	 	 	0000001D 0000000C0000000B
section .bss 	 	 	 	
	twelv resd 12 	 	 	 	00000000 <res >
	three resw 3 	 	 	 	00000000 <res 00000006>
	four resb 4 	 	 	 	00000006 <res 00000004>
	one resd 5 	 	 	 	0000000A <res 00000014>
	two resd 15 	 	 	 	0000001E <res 0000003C>
	 	 	 	 	
section .text 	 	 	 	
	global main 	 	 	 	
	extern printf,scanf 	 	 	 	
	 	 	 	 	
main:	mov eax,ebx	 	 	 	 	 89D8 
	 	 	 	 	
l9:	add ecx,edx 	 	 	 	 01D1 
	mov eax,eax	 	 	 	 	 89C0 
	 	 	 	 	
kk1: 	 	 	 	
	mov ah,byte[one] 	 	 	 	
	 	 	 	 	
	add al,al 	 	 	 	 	 00C0 
	add ax,ax	 	 	 	 	 6601C0 
	add eax,eax	 	 	 	 	 01C0 
	add byte[one],10 	 	 	 	[0000000A]
	add word[two],23 	 	 	 	[00000017]
p223:	add dword[four],111 	 	 	 	[0000006F]
	mov eax,32 	 	 	 	[00000020]
	mov al,al 	 	 	 	 	 88C0 
	 	 	 	 	
	sub al,byte[one] 	 	 	 	
	mov eax,_abc 	 	 	 	
l1:     mov eax,20232 	 	 	 	[00004F08]
	mov ax,2023 	 	 	 	
	mov al,20 	 	 	 	[00000014]
_abc: 	ret					 	 	 	 	
	 	 	 	 	